// Jest Snapshot v1, https://goo.gl/fbAQLP

exports[`AriswapV3Factory #createPool gas 1`] = `4557092`;

exports[`AriswapV3Factory factory bytecode size 1`] = `24535`;

exports[`AriswapV3Factory pool bytecode size 1`] = `22142`;
